------------------------------------------------------------
Timing Analyzer Summary
------------------------------------------------------------

Type  : Slow 1100mV 85C Model Setup 'UnidadeControle:Controle|ula_code[1]'
Slack : -11.763
TNS   : -162.559

Type  : Slow 1100mV 85C Model Setup 'UnidadeControle:Controle|ula_code[0]'
Slack : -11.130
TNS   : -83.043

Type  : Slow 1100mV 85C Model Setup 'UnidadeControle:Controle|estado.SALTO_ADR'
Slack : -10.909
TNS   : -130.591

Type  : Slow 1100mV 85C Model Setup 'memoria_unidade:Memoria|ram256x8:ram_instance|altsyncram:altsyncram_component|altsyncram_e504:auto_generated|q_b[4]'
Slack : -10.429
TNS   : -131.830

Type  : Slow 1100mV 85C Model Setup 'clock'
Slack : -10.227
TNS   : -520.998

Type  : Slow 1100mV 85C Model Setup 'UnidadeControle:Controle|estado.DECODIFICA'
Slack : -9.509
TNS   : -99.873

Type  : Slow 1100mV 85C Model Hold 'clock'
Slack : -6.911
TNS   : -421.203

Type  : Slow 1100mV 85C Model Hold 'UnidadeControle:Controle|ula_code[1]'
Slack : -1.098
TNS   : -2.729

Type  : Slow 1100mV 85C Model Hold 'memoria_unidade:Memoria|ram256x8:ram_instance|altsyncram:altsyncram_component|altsyncram_e504:auto_generated|q_b[4]'
Slack : -0.969
TNS   : -3.857

Type  : Slow 1100mV 85C Model Hold 'UnidadeControle:Controle|ula_code[0]'
Slack : -0.344
TNS   : -0.953

Type  : Slow 1100mV 85C Model Hold 'UnidadeControle:Controle|estado.SALTO_ADR'
Slack : 0.253
TNS   : 0.000

Type  : Slow 1100mV 85C Model Hold 'UnidadeControle:Controle|estado.DECODIFICA'
Slack : 0.439
TNS   : 0.000

Type  : Slow 1100mV 85C Model Recovery 'memoria_unidade:Memoria|ram256x8:ram_instance|altsyncram:altsyncram_component|altsyncram_e504:auto_generated|q_b[4]'
Slack : 1.199
TNS   : 0.000

Type  : Slow 1100mV 85C Model Removal 'memoria_unidade:Memoria|ram256x8:ram_instance|altsyncram:altsyncram_component|altsyncram_e504:auto_generated|q_b[4]'
Slack : -2.566
TNS   : -2.566

Type  : Slow 1100mV 85C Model Minimum Pulse Width 'clock'
Slack : -2.636
TNS   : -203.934

Type  : Slow 1100mV 85C Model Minimum Pulse Width 'memoria_unidade:Memoria|ram256x8:ram_instance|altsyncram:altsyncram_component|altsyncram_e504:auto_generated|q_b[4]'
Slack : 0.206
TNS   : 0.000

Type  : Slow 1100mV 85C Model Minimum Pulse Width 'UnidadeControle:Controle|ula_code[1]'
Slack : 0.239
TNS   : 0.000

Type  : Slow 1100mV 85C Model Minimum Pulse Width 'UnidadeControle:Controle|estado.SALTO_ADR'
Slack : 0.252
TNS   : 0.000

Type  : Slow 1100mV 85C Model Minimum Pulse Width 'UnidadeControle:Controle|estado.DECODIFICA'
Slack : 0.282
TNS   : 0.000

Type  : Slow 1100mV 85C Model Minimum Pulse Width 'UnidadeControle:Controle|ula_code[0]'
Slack : 0.386
TNS   : 0.000

Type  : Slow 1100mV 0C Model Setup 'UnidadeControle:Controle|ula_code[1]'
Slack : -11.749
TNS   : -163.229

Type  : Slow 1100mV 0C Model Setup 'UnidadeControle:Controle|ula_code[0]'
Slack : -11.040
TNS   : -82.839

Type  : Slow 1100mV 0C Model Setup 'UnidadeControle:Controle|estado.SALTO_ADR'
Slack : -10.804
TNS   : -129.257

Type  : Slow 1100mV 0C Model Setup 'memoria_unidade:Memoria|ram256x8:ram_instance|altsyncram:altsyncram_component|altsyncram_e504:auto_generated|q_b[4]'
Slack : -10.315
TNS   : -130.415

Type  : Slow 1100mV 0C Model Setup 'clock'
Slack : -9.871
TNS   : -500.086

Type  : Slow 1100mV 0C Model Setup 'UnidadeControle:Controle|estado.DECODIFICA'
Slack : -9.432
TNS   : -99.644

Type  : Slow 1100mV 0C Model Hold 'clock'
Slack : -6.745
TNS   : -422.568

Type  : Slow 1100mV 0C Model Hold 'UnidadeControle:Controle|ula_code[1]'
Slack : -1.065
TNS   : -2.735

Type  : Slow 1100mV 0C Model Hold 'memoria_unidade:Memoria|ram256x8:ram_instance|altsyncram:altsyncram_component|altsyncram_e504:auto_generated|q_b[4]'
Slack : -1.023
TNS   : -4.422

Type  : Slow 1100mV 0C Model Hold 'UnidadeControle:Controle|ula_code[0]'
Slack : -0.454
TNS   : -1.380

Type  : Slow 1100mV 0C Model Hold 'UnidadeControle:Controle|estado.SALTO_ADR'
Slack : 0.167
TNS   : 0.000

Type  : Slow 1100mV 0C Model Hold 'UnidadeControle:Controle|estado.DECODIFICA'
Slack : 0.368
TNS   : 0.000

Type  : Slow 1100mV 0C Model Recovery 'memoria_unidade:Memoria|ram256x8:ram_instance|altsyncram:altsyncram_component|altsyncram_e504:auto_generated|q_b[4]'
Slack : 1.141
TNS   : 0.000

Type  : Slow 1100mV 0C Model Removal 'memoria_unidade:Memoria|ram256x8:ram_instance|altsyncram:altsyncram_component|altsyncram_e504:auto_generated|q_b[4]'
Slack : -2.688
TNS   : -2.688

Type  : Slow 1100mV 0C Model Minimum Pulse Width 'clock'
Slack : -2.636
TNS   : -202.001

Type  : Slow 1100mV 0C Model Minimum Pulse Width 'memoria_unidade:Memoria|ram256x8:ram_instance|altsyncram:altsyncram_component|altsyncram_e504:auto_generated|q_b[4]'
Slack : 0.186
TNS   : 0.000

Type  : Slow 1100mV 0C Model Minimum Pulse Width 'UnidadeControle:Controle|estado.SALTO_ADR'
Slack : 0.217
TNS   : 0.000

Type  : Slow 1100mV 0C Model Minimum Pulse Width 'UnidadeControle:Controle|ula_code[1]'
Slack : 0.275
TNS   : 0.000

Type  : Slow 1100mV 0C Model Minimum Pulse Width 'UnidadeControle:Controle|estado.DECODIFICA'
Slack : 0.322
TNS   : 0.000

Type  : Slow 1100mV 0C Model Minimum Pulse Width 'UnidadeControle:Controle|ula_code[0]'
Slack : 0.383
TNS   : 0.000

Type  : Fast 1100mV 85C Model Setup 'clock'
Slack : -5.799
TNS   : -259.826

Type  : Fast 1100mV 85C Model Setup 'UnidadeControle:Controle|ula_code[1]'
Slack : -5.454
TNS   : -72.849

Type  : Fast 1100mV 85C Model Setup 'UnidadeControle:Controle|estado.SALTO_ADR'
Slack : -5.089
TNS   : -58.055

Type  : Fast 1100mV 85C Model Setup 'memoria_unidade:Memoria|ram256x8:ram_instance|altsyncram:altsyncram_component|altsyncram_e504:auto_generated|q_b[4]'
Slack : -5.038
TNS   : -60.891

Type  : Fast 1100mV 85C Model Setup 'UnidadeControle:Controle|ula_code[0]'
Slack : -4.928
TNS   : -36.260

Type  : Fast 1100mV 85C Model Setup 'UnidadeControle:Controle|estado.DECODIFICA'
Slack : -4.443
TNS   : -45.979

Type  : Fast 1100mV 85C Model Hold 'clock'
Slack : -3.447
TNS   : -200.420

Type  : Fast 1100mV 85C Model Hold 'UnidadeControle:Controle|ula_code[1]'
Slack : -0.568
TNS   : -1.170

Type  : Fast 1100mV 85C Model Hold 'memoria_unidade:Memoria|ram256x8:ram_instance|altsyncram:altsyncram_component|altsyncram_e504:auto_generated|q_b[4]'
Slack : -0.442
TNS   : -1.452

Type  : Fast 1100mV 85C Model Hold 'UnidadeControle:Controle|ula_code[0]'
Slack : -0.078
TNS   : -0.183

Type  : Fast 1100mV 85C Model Hold 'UnidadeControle:Controle|estado.SALTO_ADR'
Slack : 0.184
TNS   : 0.000

Type  : Fast 1100mV 85C Model Hold 'UnidadeControle:Controle|estado.DECODIFICA'
Slack : 0.223
TNS   : 0.000

Type  : Fast 1100mV 85C Model Recovery 'memoria_unidade:Memoria|ram256x8:ram_instance|altsyncram:altsyncram_component|altsyncram_e504:auto_generated|q_b[4]'
Slack : 1.053
TNS   : 0.000

Type  : Fast 1100mV 85C Model Removal 'memoria_unidade:Memoria|ram256x8:ram_instance|altsyncram:altsyncram_component|altsyncram_e504:auto_generated|q_b[4]'
Slack : -1.348
TNS   : -1.348

Type  : Fast 1100mV 85C Model Minimum Pulse Width 'clock'
Slack : -2.174
TNS   : -133.047

Type  : Fast 1100mV 85C Model Minimum Pulse Width 'memoria_unidade:Memoria|ram256x8:ram_instance|altsyncram:altsyncram_component|altsyncram_e504:auto_generated|q_b[4]'
Slack : 0.191
TNS   : 0.000

Type  : Fast 1100mV 85C Model Minimum Pulse Width 'UnidadeControle:Controle|ula_code[1]'
Slack : 0.253
TNS   : 0.000

Type  : Fast 1100mV 85C Model Minimum Pulse Width 'UnidadeControle:Controle|ula_code[0]'
Slack : 0.351
TNS   : 0.000

Type  : Fast 1100mV 85C Model Minimum Pulse Width 'UnidadeControle:Controle|estado.DECODIFICA'
Slack : 0.359
TNS   : 0.000

Type  : Fast 1100mV 85C Model Minimum Pulse Width 'UnidadeControle:Controle|estado.SALTO_ADR'
Slack : 0.373
TNS   : 0.000

Type  : Fast 1100mV 0C Model Setup 'UnidadeControle:Controle|ula_code[1]'
Slack : -5.165
TNS   : -69.393

Type  : Fast 1100mV 0C Model Setup 'clock'
Slack : -5.034
TNS   : -221.854

Type  : Fast 1100mV 0C Model Setup 'UnidadeControle:Controle|estado.SALTO_ADR'
Slack : -4.794
TNS   : -55.144

Type  : Fast 1100mV 0C Model Setup 'memoria_unidade:Memoria|ram256x8:ram_instance|altsyncram:altsyncram_component|altsyncram_e504:auto_generated|q_b[4]'
Slack : -4.782
TNS   : -58.468

Type  : Fast 1100mV 0C Model Setup 'UnidadeControle:Controle|ula_code[0]'
Slack : -4.623
TNS   : -34.323

Type  : Fast 1100mV 0C Model Setup 'UnidadeControle:Controle|estado.DECODIFICA'
Slack : -4.284
TNS   : -44.531

Type  : Fast 1100mV 0C Model Hold 'clock'
Slack : -3.345
TNS   : -203.490

Type  : Fast 1100mV 0C Model Hold 'UnidadeControle:Controle|ula_code[1]'
Slack : -0.483
TNS   : -1.011

Type  : Fast 1100mV 0C Model Hold 'memoria_unidade:Memoria|ram256x8:ram_instance|altsyncram:altsyncram_component|altsyncram_e504:auto_generated|q_b[4]'
Slack : -0.406
TNS   : -1.490

Type  : Fast 1100mV 0C Model Hold 'UnidadeControle:Controle|ula_code[0]'
Slack : -0.096
TNS   : -0.254

Type  : Fast 1100mV 0C Model Hold 'UnidadeControle:Controle|estado.SALTO_ADR'
Slack : 0.161
TNS   : 0.000

Type  : Fast 1100mV 0C Model Hold 'UnidadeControle:Controle|estado.DECODIFICA'
Slack : 0.199
TNS   : 0.000

Type  : Fast 1100mV 0C Model Recovery 'memoria_unidade:Memoria|ram256x8:ram_instance|altsyncram:altsyncram_component|altsyncram_e504:auto_generated|q_b[4]'
Slack : 0.983
TNS   : 0.000

Type  : Fast 1100mV 0C Model Removal 'memoria_unidade:Memoria|ram256x8:ram_instance|altsyncram:altsyncram_component|altsyncram_e504:auto_generated|q_b[4]'
Slack : -1.250
TNS   : -1.250

Type  : Fast 1100mV 0C Model Minimum Pulse Width 'clock'
Slack : -2.174
TNS   : -131.781

Type  : Fast 1100mV 0C Model Minimum Pulse Width 'memoria_unidade:Memoria|ram256x8:ram_instance|altsyncram:altsyncram_component|altsyncram_e504:auto_generated|q_b[4]'
Slack : 0.244
TNS   : 0.000

Type  : Fast 1100mV 0C Model Minimum Pulse Width 'UnidadeControle:Controle|ula_code[1]'
Slack : 0.287
TNS   : 0.000

Type  : Fast 1100mV 0C Model Minimum Pulse Width 'UnidadeControle:Controle|estado.SALTO_ADR'
Slack : 0.377
TNS   : 0.000

Type  : Fast 1100mV 0C Model Minimum Pulse Width 'UnidadeControle:Controle|ula_code[0]'
Slack : 0.377
TNS   : 0.000

Type  : Fast 1100mV 0C Model Minimum Pulse Width 'UnidadeControle:Controle|estado.DECODIFICA'
Slack : 0.386
TNS   : 0.000

------------------------------------------------------------
