------------------------------------------------------------
Timing Analyzer Summary
------------------------------------------------------------

Type  : Slow 1100mV 85C Model Setup 'UnidadeControle:Controle|ula_code[1]'
Slack : -12.034
TNS   : -168.202

Type  : Slow 1100mV 85C Model Setup 'UnidadeControle:Controle|ula_code[0]'
Slack : -11.543
TNS   : -87.795

Type  : Slow 1100mV 85C Model Setup 'UnidadeControle:Controle|estado.SALTO_ADR'
Slack : -11.393
TNS   : -125.991

Type  : Slow 1100mV 85C Model Setup 'clock'
Slack : -10.508
TNS   : -538.106

Type  : Slow 1100mV 85C Model Setup 'memoria_unidade:Memoria|ram256x8:ram_instance|altsyncram:altsyncram_component|altsyncram_e504:auto_generated|q_b[4]'
Slack : -10.422
TNS   : -122.111

Type  : Slow 1100mV 85C Model Setup 'UnidadeControle:Controle|estado.DECODIFICA'
Slack : -10.144
TNS   : -102.459

Type  : Slow 1100mV 85C Model Hold 'clock'
Slack : -7.045
TNS   : -433.608

Type  : Slow 1100mV 85C Model Hold 'memoria_unidade:Memoria|ram256x8:ram_instance|altsyncram:altsyncram_component|altsyncram_e504:auto_generated|q_b[4]'
Slack : -1.662
TNS   : -6.683

Type  : Slow 1100mV 85C Model Hold 'UnidadeControle:Controle|ula_code[1]'
Slack : -1.207
TNS   : -4.075

Type  : Slow 1100mV 85C Model Hold 'UnidadeControle:Controle|ula_code[0]'
Slack : -1.188
TNS   : -1.606

Type  : Slow 1100mV 85C Model Hold 'UnidadeControle:Controle|estado.SALTO_ADR'
Slack : -0.173
TNS   : -0.173

Type  : Slow 1100mV 85C Model Hold 'UnidadeControle:Controle|estado.DECODIFICA'
Slack : 0.427
TNS   : 0.000

Type  : Slow 1100mV 85C Model Recovery 'memoria_unidade:Memoria|ram256x8:ram_instance|altsyncram:altsyncram_component|altsyncram_e504:auto_generated|q_b[4]'
Slack : 1.161
TNS   : 0.000

Type  : Slow 1100mV 85C Model Removal 'memoria_unidade:Memoria|ram256x8:ram_instance|altsyncram:altsyncram_component|altsyncram_e504:auto_generated|q_b[4]'
Slack : -2.620
TNS   : -2.620

Type  : Slow 1100mV 85C Model Minimum Pulse Width 'clock'
Slack : -2.636
TNS   : -203.800

Type  : Slow 1100mV 85C Model Minimum Pulse Width 'UnidadeControle:Controle|ula_code[0]'
Slack : -0.074
TNS   : -0.087

Type  : Slow 1100mV 85C Model Minimum Pulse Width 'memoria_unidade:Memoria|ram256x8:ram_instance|altsyncram:altsyncram_component|altsyncram_e504:auto_generated|q_b[4]'
Slack : -0.004
TNS   : -0.004

Type  : Slow 1100mV 85C Model Minimum Pulse Width 'UnidadeControle:Controle|estado.SALTO_ADR'
Slack : 0.086
TNS   : 0.000

Type  : Slow 1100mV 85C Model Minimum Pulse Width 'UnidadeControle:Controle|estado.DECODIFICA'
Slack : 0.162
TNS   : 0.000

Type  : Slow 1100mV 85C Model Minimum Pulse Width 'UnidadeControle:Controle|ula_code[1]'
Slack : 0.224
TNS   : 0.000

Type  : Slow 1100mV 0C Model Setup 'UnidadeControle:Controle|ula_code[1]'
Slack : -12.066
TNS   : -167.807

Type  : Slow 1100mV 0C Model Setup 'UnidadeControle:Controle|ula_code[0]'
Slack : -11.580
TNS   : -87.750

Type  : Slow 1100mV 0C Model Setup 'UnidadeControle:Controle|estado.SALTO_ADR'
Slack : -11.269
TNS   : -124.580

Type  : Slow 1100mV 0C Model Setup 'memoria_unidade:Memoria|ram256x8:ram_instance|altsyncram:altsyncram_component|altsyncram_e504:auto_generated|q_b[4]'
Slack : -10.375
TNS   : -121.744

Type  : Slow 1100mV 0C Model Setup 'clock'
Slack : -10.109
TNS   : -519.789

Type  : Slow 1100mV 0C Model Setup 'UnidadeControle:Controle|estado.DECODIFICA'
Slack : -10.088
TNS   : -102.081

Type  : Slow 1100mV 0C Model Hold 'clock'
Slack : -6.936
TNS   : -431.549

Type  : Slow 1100mV 0C Model Hold 'memoria_unidade:Memoria|ram256x8:ram_instance|altsyncram:altsyncram_component|altsyncram_e504:auto_generated|q_b[4]'
Slack : -1.723
TNS   : -6.724

Type  : Slow 1100mV 0C Model Hold 'UnidadeControle:Controle|ula_code[1]'
Slack : -1.105
TNS   : -4.177

Type  : Slow 1100mV 0C Model Hold 'UnidadeControle:Controle|ula_code[0]'
Slack : -1.076
TNS   : -1.459

Type  : Slow 1100mV 0C Model Hold 'UnidadeControle:Controle|estado.SALTO_ADR'
Slack : -0.371
TNS   : -0.371

Type  : Slow 1100mV 0C Model Hold 'UnidadeControle:Controle|estado.DECODIFICA'
Slack : 0.413
TNS   : 0.000

Type  : Slow 1100mV 0C Model Recovery 'memoria_unidade:Memoria|ram256x8:ram_instance|altsyncram:altsyncram_component|altsyncram_e504:auto_generated|q_b[4]'
Slack : 1.031
TNS   : 0.000

Type  : Slow 1100mV 0C Model Removal 'memoria_unidade:Memoria|ram256x8:ram_instance|altsyncram:altsyncram_component|altsyncram_e504:auto_generated|q_b[4]'
Slack : -2.721
TNS   : -2.721

Type  : Slow 1100mV 0C Model Minimum Pulse Width 'clock'
Slack : -2.636
TNS   : -201.517

Type  : Slow 1100mV 0C Model Minimum Pulse Width 'memoria_unidade:Memoria|ram256x8:ram_instance|altsyncram:altsyncram_component|altsyncram_e504:auto_generated|q_b[4]'
Slack : -0.092
TNS   : -0.111

Type  : Slow 1100mV 0C Model Minimum Pulse Width 'UnidadeControle:Controle|ula_code[0]'
Slack : -0.007
TNS   : -0.007

Type  : Slow 1100mV 0C Model Minimum Pulse Width 'UnidadeControle:Controle|estado.SALTO_ADR'
Slack : 0.060
TNS   : 0.000

Type  : Slow 1100mV 0C Model Minimum Pulse Width 'UnidadeControle:Controle|estado.DECODIFICA'
Slack : 0.149
TNS   : 0.000

Type  : Slow 1100mV 0C Model Minimum Pulse Width 'UnidadeControle:Controle|ula_code[1]'
Slack : 0.269
TNS   : 0.000

Type  : Fast 1100mV 85C Model Setup 'clock'
Slack : -6.478
TNS   : -281.211

Type  : Fast 1100mV 85C Model Setup 'UnidadeControle:Controle|ula_code[1]'
Slack : -5.602
TNS   : -75.666

Type  : Fast 1100mV 85C Model Setup 'UnidadeControle:Controle|estado.SALTO_ADR'
Slack : -5.294
TNS   : -55.994

Type  : Fast 1100mV 85C Model Setup 'UnidadeControle:Controle|ula_code[0]'
Slack : -5.180
TNS   : -38.428

Type  : Fast 1100mV 85C Model Setup 'memoria_unidade:Memoria|ram256x8:ram_instance|altsyncram:altsyncram_component|altsyncram_e504:auto_generated|q_b[4]'
Slack : -4.923
TNS   : -55.166

Type  : Fast 1100mV 85C Model Setup 'UnidadeControle:Controle|estado.DECODIFICA'
Slack : -4.832
TNS   : -47.975

Type  : Fast 1100mV 85C Model Hold 'clock'
Slack : -3.481
TNS   : -212.451

Type  : Fast 1100mV 85C Model Hold 'memoria_unidade:Memoria|ram256x8:ram_instance|altsyncram:altsyncram_component|altsyncram_e504:auto_generated|q_b[4]'
Slack : -0.822
TNS   : -3.604

Type  : Fast 1100mV 85C Model Hold 'UnidadeControle:Controle|ula_code[1]'
Slack : -0.706
TNS   : -2.149

Type  : Fast 1100mV 85C Model Hold 'UnidadeControle:Controle|ula_code[0]'
Slack : -0.635
TNS   : -0.800

Type  : Fast 1100mV 85C Model Hold 'UnidadeControle:Controle|estado.SALTO_ADR'
Slack : -0.090
TNS   : -0.090

Type  : Fast 1100mV 85C Model Hold 'UnidadeControle:Controle|estado.DECODIFICA'
Slack : 0.302
TNS   : 0.000

Type  : Fast 1100mV 85C Model Recovery 'memoria_unidade:Memoria|ram256x8:ram_instance|altsyncram:altsyncram_component|altsyncram_e504:auto_generated|q_b[4]'
Slack : 1.091
TNS   : 0.000

Type  : Fast 1100mV 85C Model Removal 'memoria_unidade:Memoria|ram256x8:ram_instance|altsyncram:altsyncram_component|altsyncram_e504:auto_generated|q_b[4]'
Slack : -1.435
TNS   : -1.435

Type  : Fast 1100mV 85C Model Minimum Pulse Width 'clock'
Slack : -2.174
TNS   : -135.104

Type  : Fast 1100mV 85C Model Minimum Pulse Width 'memoria_unidade:Memoria|ram256x8:ram_instance|altsyncram:altsyncram_component|altsyncram_e504:auto_generated|q_b[4]'
Slack : 0.070
TNS   : 0.000

Type  : Fast 1100mV 85C Model Minimum Pulse Width 'UnidadeControle:Controle|ula_code[0]'
Slack : 0.073
TNS   : 0.000

Type  : Fast 1100mV 85C Model Minimum Pulse Width 'UnidadeControle:Controle|estado.DECODIFICA'
Slack : 0.216
TNS   : 0.000

Type  : Fast 1100mV 85C Model Minimum Pulse Width 'UnidadeControle:Controle|estado.SALTO_ADR'
Slack : 0.246
TNS   : 0.000

Type  : Fast 1100mV 85C Model Minimum Pulse Width 'UnidadeControle:Controle|ula_code[1]'
Slack : 0.255
TNS   : 0.000

Type  : Fast 1100mV 0C Model Setup 'clock'
Slack : -5.356
TNS   : -238.442

Type  : Fast 1100mV 0C Model Setup 'UnidadeControle:Controle|ula_code[1]'
Slack : -5.296
TNS   : -71.759

Type  : Fast 1100mV 0C Model Setup 'UnidadeControle:Controle|estado.SALTO_ADR'
Slack : -4.984
TNS   : -53.015

Type  : Fast 1100mV 0C Model Setup 'UnidadeControle:Controle|ula_code[0]'
Slack : -4.863
TNS   : -36.379

Type  : Fast 1100mV 0C Model Setup 'memoria_unidade:Memoria|ram256x8:ram_instance|altsyncram:altsyncram_component|altsyncram_e504:auto_generated|q_b[4]'
Slack : -4.700
TNS   : -53.211

Type  : Fast 1100mV 0C Model Setup 'UnidadeControle:Controle|estado.DECODIFICA'
Slack : -4.622
TNS   : -46.115

Type  : Fast 1100mV 0C Model Hold 'clock'
Slack : -3.389
TNS   : -211.603

Type  : Fast 1100mV 0C Model Hold 'memoria_unidade:Memoria|ram256x8:ram_instance|altsyncram:altsyncram_component|altsyncram_e504:auto_generated|q_b[4]'
Slack : -0.767
TNS   : -3.295

Type  : Fast 1100mV 0C Model Hold 'UnidadeControle:Controle|ula_code[1]'
Slack : -0.615
TNS   : -1.915

Type  : Fast 1100mV 0C Model Hold 'UnidadeControle:Controle|ula_code[0]'
Slack : -0.553
TNS   : -0.672

Type  : Fast 1100mV 0C Model Hold 'UnidadeControle:Controle|estado.SALTO_ADR'
Slack : -0.118
TNS   : -0.118

Type  : Fast 1100mV 0C Model Hold 'UnidadeControle:Controle|estado.DECODIFICA'
Slack : 0.275
TNS   : 0.000

Type  : Fast 1100mV 0C Model Recovery 'memoria_unidade:Memoria|ram256x8:ram_instance|altsyncram:altsyncram_component|altsyncram_e504:auto_generated|q_b[4]'
Slack : 1.002
TNS   : 0.000

Type  : Fast 1100mV 0C Model Removal 'memoria_unidade:Memoria|ram256x8:ram_instance|altsyncram:altsyncram_component|altsyncram_e504:auto_generated|q_b[4]'
Slack : -1.319
TNS   : -1.319

Type  : Fast 1100mV 0C Model Minimum Pulse Width 'clock'
Slack : -2.174
TNS   : -134.083

Type  : Fast 1100mV 0C Model Minimum Pulse Width 'memoria_unidade:Memoria|ram256x8:ram_instance|altsyncram:altsyncram_component|altsyncram_e504:auto_generated|q_b[4]'
Slack : 0.124
TNS   : 0.000

Type  : Fast 1100mV 0C Model Minimum Pulse Width 'UnidadeControle:Controle|ula_code[0]'
Slack : 0.145
TNS   : 0.000

Type  : Fast 1100mV 0C Model Minimum Pulse Width 'UnidadeControle:Controle|estado.SALTO_ADR'
Slack : 0.264
TNS   : 0.000

Type  : Fast 1100mV 0C Model Minimum Pulse Width 'UnidadeControle:Controle|estado.DECODIFICA'
Slack : 0.267
TNS   : 0.000

Type  : Fast 1100mV 0C Model Minimum Pulse Width 'UnidadeControle:Controle|ula_code[1]'
Slack : 0.298
TNS   : 0.000

------------------------------------------------------------
