------------------------------------------------------------
Timing Analyzer Summary
------------------------------------------------------------

Type  : Slow 1100mV 85C Model Setup 'UnidadeControle:Controle|ula_code[1]'
Slack : -11.111
TNS   : -111.629

Type  : Slow 1100mV 85C Model Setup 'clock'
Slack : -11.050
TNS   : -375.709

Type  : Slow 1100mV 85C Model Setup 'UnidadeControle:Controle|estado.DECODIFICA'
Slack : -9.627
TNS   : -109.723

Type  : Slow 1100mV 85C Model Hold 'clock'
Slack : -6.453
TNS   : -139.660

Type  : Slow 1100mV 85C Model Hold 'UnidadeControle:Controle|ula_code[1]'
Slack : -2.234
TNS   : -6.143

Type  : Slow 1100mV 85C Model Hold 'UnidadeControle:Controle|estado.DECODIFICA'
Slack : 0.931
TNS   : 0.000

Type  : Slow 1100mV 85C Model Minimum Pulse Width 'clock'
Slack : -2.636
TNS   : -196.630

Type  : Slow 1100mV 85C Model Minimum Pulse Width 'UnidadeControle:Controle|ula_code[1]'
Slack : -0.079
TNS   : -0.154

Type  : Slow 1100mV 85C Model Minimum Pulse Width 'UnidadeControle:Controle|estado.DECODIFICA'
Slack : 0.136
TNS   : 0.000

Type  : Slow 1100mV 0C Model Setup 'UnidadeControle:Controle|ula_code[1]'
Slack : -11.226
TNS   : -112.151

Type  : Slow 1100mV 0C Model Setup 'clock'
Slack : -10.667
TNS   : -362.744

Type  : Slow 1100mV 0C Model Setup 'UnidadeControle:Controle|estado.DECODIFICA'
Slack : -9.587
TNS   : -109.781

Type  : Slow 1100mV 0C Model Hold 'clock'
Slack : -6.312
TNS   : -144.039

Type  : Slow 1100mV 0C Model Hold 'UnidadeControle:Controle|ula_code[1]'
Slack : -2.151
TNS   : -6.069

Type  : Slow 1100mV 0C Model Hold 'UnidadeControle:Controle|estado.DECODIFICA'
Slack : 0.922
TNS   : 0.000

Type  : Slow 1100mV 0C Model Minimum Pulse Width 'clock'
Slack : -2.636
TNS   : -194.892

Type  : Slow 1100mV 0C Model Minimum Pulse Width 'UnidadeControle:Controle|ula_code[1]'
Slack : -0.096
TNS   : -0.201

Type  : Slow 1100mV 0C Model Minimum Pulse Width 'UnidadeControle:Controle|estado.DECODIFICA'
Slack : 0.149
TNS   : 0.000

Type  : Fast 1100mV 85C Model Setup 'clock'
Slack : -6.292
TNS   : -183.781

Type  : Fast 1100mV 85C Model Setup 'UnidadeControle:Controle|ula_code[1]'
Slack : -5.186
TNS   : -49.760

Type  : Fast 1100mV 85C Model Setup 'UnidadeControle:Controle|estado.DECODIFICA'
Slack : -4.593
TNS   : -50.986

Type  : Fast 1100mV 85C Model Hold 'clock'
Slack : -3.210
TNS   : -60.109

Type  : Fast 1100mV 85C Model Hold 'UnidadeControle:Controle|ula_code[1]'
Slack : -1.098
TNS   : -3.074

Type  : Fast 1100mV 85C Model Hold 'UnidadeControle:Controle|estado.DECODIFICA'
Slack : 0.415
TNS   : 0.000

Type  : Fast 1100mV 85C Model Minimum Pulse Width 'clock'
Slack : -2.174
TNS   : -128.713

Type  : Fast 1100mV 85C Model Minimum Pulse Width 'UnidadeControle:Controle|ula_code[1]'
Slack : -0.008
TNS   : -0.008

Type  : Fast 1100mV 85C Model Minimum Pulse Width 'UnidadeControle:Controle|estado.DECODIFICA'
Slack : 0.166
TNS   : 0.000

Type  : Fast 1100mV 0C Model Setup 'clock'
Slack : -5.452
TNS   : -148.841

Type  : Fast 1100mV 0C Model Setup 'UnidadeControle:Controle|ula_code[1]'
Slack : -4.943
TNS   : -47.414

Type  : Fast 1100mV 0C Model Setup 'UnidadeControle:Controle|estado.DECODIFICA'
Slack : -4.423
TNS   : -49.410

Type  : Fast 1100mV 0C Model Hold 'clock'
Slack : -3.135
TNS   : -64.757

Type  : Fast 1100mV 0C Model Hold 'UnidadeControle:Controle|ula_code[1]'
Slack : -0.984
TNS   : -2.727

Type  : Fast 1100mV 0C Model Hold 'UnidadeControle:Controle|estado.DECODIFICA'
Slack : 0.397
TNS   : 0.000

Type  : Fast 1100mV 0C Model Minimum Pulse Width 'clock'
Slack : -2.174
TNS   : -127.569

Type  : Fast 1100mV 0C Model Minimum Pulse Width 'UnidadeControle:Controle|ula_code[1]'
Slack : 0.060
TNS   : 0.000

Type  : Fast 1100mV 0C Model Minimum Pulse Width 'UnidadeControle:Controle|estado.DECODIFICA'
Slack : 0.236
TNS   : 0.000

------------------------------------------------------------
